2014-04-20 11:56:30	▬▬▶	nick1 (nick1@user/nick1) has joined #channel
2014-04-20 11:56:30	--	Topic for #channel is "blah blah blah"
2014-04-20 11:56:30	--	Topic set by nick0 on Wed, 08 Jan 2014 01:45:45
2014-04-20 11:56:30	--	Channel #channel: 47 nicks (2 ops, 0 halfops, 0 voices, 45 normals)
2014-04-20 11:56:30	@oper1	Greetings master.
2014-04-20 11:56:32	--	Mode #channel [+Jnt 30]
2014-04-20 11:56:32	--	Channel created on Sat, 19 Oct 2013 22:36:16
2014-04-20 11:56:32	bot1	CABLEVISION ლ(ಠ益ಠლ)
2014-04-20 11:56:36	nick1	oh, hai oper1
2014-04-20 11:56:40	nick2	nick1 gettin' all the bot greetings
2014-04-20 11:57:16	nick2	what does d^L^p mean?
2014-04-20 11:57:24	nick2	i feel like that is a math reference
2014-04-20 11:57:31	◁	nick2 "feels" math
2014-04-20 11:57:33	nick1	It's a face
2014-04-20 11:57:34	nick1	
2014-04-20 11:57:34	nick1
2014-04-22 17:53:39	◀▬▬	oper1 has kicked nick3 (BANG!)
2014-06-01 01:32:08	--	Mode #channel [+b *!*@user/NICK] by GLaDOS
2014-06-01 02:35:54	--	OldNick is now known as NewNick
2014-05-01 22:32:44	◁	QuietNick 
2014-05-01 22:32:44	◁	QuietNick
2014-04-20 12:10:16	◀▬▬	nickkk2 (nickkk@Snoonet-ji3.4dc.1pgf3c.IP) has quit (Ping timeout: 121 seconds)
2014-04-20 15:35:36	◀▬▬	UGNICK (uguser@host/name) has left #channel
2014-04-25 06:45:59	--	Mode #channel [+Jnt 30]
2014-04-29 19:14:52	--	Mode #channel [+b *!*@snoonet/utility/sysop] by GLaDOS
2014-04-29 19:14:52	◀▬▬	GLaDOS has kicked sysop ((literallyhitler) No reason given)
